
[TestExecute_RedactionSnapshot - 1]
class="body"><pre><code>system init</code></pre></div></article><article class="block conversation user"><div class="role"><span class="tag">user</span></div><div class="body"><p>Set my GitHub token to [REDACTED:github-pat]</p>
</div></article><article class="block conversation assistant"><div class="role"><span class="tag">assistant</span></div><div class="body"><p>I see your token [REDACTED:github-pat]. I also found an AWS key [REDACTED:aws-access-token] in your config.</p>
</div></article><div class="turn-foot"><span class="spacer"></span> <a href="#turn-2">The token [REDACTED:github-pat] appears again here →</a></div></section><section id="turn-2" class="turn"><div class="turn-meta"><span class="num">02</span> <span>10:00 UTC</span> <span>·</span> <span>29s later</span></div><div class="turn-marker">TURN 02 / 02</div><article class="block conversation user"><div class="role"><span class="tag">user</span></div><div class="body"><p>The token [REDACTED:github-pat] appears again here</p>
</div></article><div class="turn-foot"><a href="#turn-1">← prev · Set my GitHub token to [REDACTED:github-pat]</a> <span class="spacer"></span> <span class="end">end of session</span></div></section><footer class="session-foot"><span>END OF SESSION · 2 turns · 29s</span> <span><a href="https://github.com/jamestelfer/relic">relic vdev</a></span></footer>
---
